// Jest Snapshot v1, https://goo.gl/fbAQLP

exports[`RecursiveTextSplitter from ruby 1`] = `"["class MyClass\\r\\n  def initialize(name, age)\\r\\n    @name = name\\r\\n    @age = age\\r\\n  end\\r\\n\\r\\n  def display_info\\r\\n    \\"Name: #{@name}, Age: #{@age}\\"\\r\\n  end\\r\\n\\r\\n  def name=(name)\\r\\n    @name = name\\r\\n  end","def name=(name)\\r\\n    @name = name\\r\\n  end\\r\\n\\r\\n  def name\\r\\n    @name\\r\\n  end\\r\\n\\r\\n  def age=(age)\\r\\n    @age = age\\r\\n  end\\r\\n\\r\\n  def age\\r\\n    @age\\r\\n  end\\r\\nend\\r\\n\\r\\nperson = MyClass.new(\\"Alice\\", 30)","end\\r\\nend\\r\\n\\r\\nperson = MyClass.new(\\"Alice\\", 30)\\r\\nputs person.display_info\\r\\n\\r\\nperson.name = \\"Bob\\"\\r\\nputs person.name"]"`;

exports[`RecursiveTextSplitter from ruby 2`] = `"[{"loc":{"lines":{"from":1,"to":13}}},{"loc":{"lines":{"from":11,"to":28}}},{"loc":{"lines":{"from":25,"to":32}}}]"`;
