// Jest Snapshot v1, https://goo.gl/fbAQLP

exports[`RecursiveTextSplitter from latex 1`] = `"["\\\\documentclass{article}\\r\\n\\r\\n\\\\usepackage[utf8]{inputenc}\\r\\n\\\\usepackage{graphicx}\\r\\n\\\\usepackage{lipsum}\\r\\n\\\\usepackage{hyperref}\\r\\n\\r\\n\\\\title{Your Document Title}\\r\\n\\\\author{Your Name}\\r\\n\\\\date{\\\\today}","\\\\author{Your Name}\\r\\n\\\\date{\\\\today}\\r\\n\\r\\n\\\\begin{document}\\r\\n\\r\\n\\\\maketitle\\r\\n\\r\\n\\\\tableofcontents\\r\\n\\\\newpage","\\\\section{Introduction}\\r\\n\\\\label{sec:introduction}\\r\\nSome introduction text. You can also use \\\\textit{italic}, \\\\textbf{bold}, or \\\\texttt{monospace} text styles.\\r\\n\\\\lipsum[1]","\\\\section{Main Content}\\r\\n\\\\label{sec:maincontent}\\r\\nHere you can include the main content of your document.\\r\\n\\\\lipsum[2-3]","\\\\subsection{Details}\\r\\n\\\\label{subsec:details}\\r\\nThis subsection can include detailed information.\\r\\n\\\\begin{itemize}\\r\\n    \\\\item First item\\r\\n    \\\\item Second item\\r\\n    \\\\item Third item\\r\\n\\\\end{itemize}","\\\\subsection{Additional Information}\\r\\n\\\\label{subsec:additionalinfo}\\r\\nFurther detailed information can be included here.","\\\\begin{enumerate}\\r\\n    \\\\item First point\\r\\n    \\\\item Second point\\r\\n    \\\\item Third point\\r\\n\\\\end{enumerate}","\\\\section{Conclusion}\\r\\n\\\\label{sec:conclusion}\\r\\nThe conclusion summarizes the main findings or the essence of the document.\\r\\n\\\\lipsum[4]\\r\\n\\r\\n\\\\end{document}"]"`;

exports[`RecursiveTextSplitter from latex 2`] = `"[{"loc":{"lines":{"from":1,"to":10}}},{"loc":{"lines":{"from":9,"to":17}}},{"loc":{"lines":{"from":19,"to":22}}},{"loc":{"lines":{"from":24,"to":27}}},{"loc":{"lines":{"from":29,"to":36}}},{"loc":{"lines":{"from":38,"to":40}}},{"loc":{"lines":{"from":41,"to":45}}},{"loc":{"lines":{"from":47,"to":52}}}]"`;
