// Jest Snapshot v1, https://goo.gl/fbAQLP

exports[`RecursiveTextSplitter from scala 1`] = `"["class MyClass(val name: String, var age: Int) {\\r\\n  def greet(): String = {\\r\\n    s\\"Hello, my name is $name and I am $age years old.\\"\\r\\n  }\\r\\n\\r\\n  def haveBirthday(): Unit = {\\r\\n    age += 1","def haveBirthday(): Unit = {\\r\\n    age += 1\\r\\n    println(s\\"Happy birthday! Now, I am $age years old.\\")\\r\\n  }\\r\\n}","val person = new MyClass(\\"Alice\\", 25)\\r\\nprintln(person.greet())\\r\\nperson.haveBirthday()"]"`;

exports[`RecursiveTextSplitter from scala 2`] = `"[{"loc":{"lines":{"from":1,"to":7}}},{"loc":{"lines":{"from":6,"to":10}}},{"loc":{"lines":{"from":12,"to":14}}}]"`;
