// Jest Snapshot v1, https://goo.gl/fbAQLP

exports[`RecursiveTextSplitter from rst 1`] = `"["=================\\r\\nMy Awesome Title\\r\\n=================\\r\\n\\r\\nIntroduction\\r\\n------------","Introduction\\r\\n------------\\r\\n\\r\\nThis document explains how to use reStructuredText (RST) for basic documentation needs. RST is widely used in the Python community for its simplicity and readability.","Basic Python Code Example\\r\\n-------------------------\\r\\n\\r\\nBelow is a simple Python code example. This section demonstrates how to include code blocks in your RST document.",".. code-block:: python\\r\\n\\r\\n  # This is a simple Python script\\r\\n  print(\\"Hello, World!\\")\\r\\n\\r\\nAdvanced Topics\\r\\n---------------","Advanced Topics\\r\\n---------------\\r\\n\\r\\nThis section can be expanded to include more advanced topics or examples. It serves as a placeholder for further content.\\r\\n\\r\\nConclusion\\r\\n----------","Conclusion\\r\\n----------\\r\\n\\r\\nRST is a powerful tool for writing documentation. It's simple yet flexible, making it an excellent choice for technical documentation."]"`;

exports[`RecursiveTextSplitter from rst 2`] = `"[{"loc":{"lines":{"from":1,"to":6}}},{"loc":{"lines":{"from":5,"to":8}}},{"loc":{"lines":{"from":10,"to":13}}},{"loc":{"lines":{"from":15,"to":21}}},{"loc":{"lines":{"from":20,"to":26}}},{"loc":{"lines":{"from":25,"to":28}}}]"`;
