// Jest Snapshot v1, https://goo.gl/fbAQLP

exports[`RecursiveTextSplitter from php 1`] = `"["function greet($name) {\\r\\n  return \\"Hello, \\" . $name . \\"!\\";\\r\\n}","class MyClass {\\r\\n  public $property;\\r\\n\\r\\n  public function __construct($value) {\\r\\n    $this->property = $value;\\r\\n  }\\r\\n\\r\\n  public function getProperty() {\\r\\n    return $this->property;\\r\\n  }","return $this->property;\\r\\n  }\\r\\n\\r\\n  public function setProperty($value) {\\r\\n    $this->property = $value;\\r\\n  }\\r\\n}\\r\\n\\r\\necho greet(\\"Alice\\") . \\"\\\\n\\";\\r\\n\\r\\n$obj = new MyClass(\\"Initial Value\\");","$obj = new MyClass(\\"Initial Value\\");\\r\\necho $obj->getProperty() . \\"\\\\n\\";\\r\\n$obj->setProperty(\\"New Value\\");\\r\\necho $obj->getProperty() . \\"\\\\n\\";"]"`;

exports[`RecursiveTextSplitter from php 2`] = `"[{"loc":{"lines":{"from":1,"to":3}}},{"loc":{"lines":{"from":5,"to":14}}},{"loc":{"lines":{"from":13,"to":23}}},{"loc":{"lines":{"from":23,"to":26}}}]"`;
