// Jest Snapshot v1, https://goo.gl/fbAQLP

exports[`RecursiveTextSplitter from sol 1`] = `"["pragma solidity ^0.8.0;","interface IStorage {\\n  function store(uint256 number) external;\\n  function retrieve() external view returns (uint256);\\n}","library SafeMath {\\n  function add(uint256 a, uint256 b) internal pure returns (uint256) {\\n    uint256 c = a + b;\\n    require(c >= a, \\"SafeMath: addition overflow\\");\\n    return c;\\n  }\\n}","contract MyContract is IStorage {\\n  using SafeMath for uint256;\\n\\n  uint256 private _storedNumber;\\n\\n  function store(uint256 number) public override {\\n    _storedNumber = number;\\n  }","_storedNumber = number;\\n  }\\n\\n  function retrieve() public view override returns (uint256) {\\n    return _storedNumber;\\n  }\\n\\n  function incrementStoredNumber(uint256 increment) public {","_storedNumber = _storedNumber.add(increment);\\n  }\\n}"]"`;

exports[`RecursiveTextSplitter from sol 2`] = `"[{"loc":{"lines":{"from":1,"to":1}}},{"loc":{"lines":{"from":3,"to":6}}},{"loc":{"lines":{"from":8,"to":14}}},{"loc":{"lines":{"from":16,"to":23}}},{"loc":{"lines":{"from":22,"to":29}}},{"loc":{"lines":{"from":30,"to":32}}}]"`;
