// Jest Snapshot v1, https://goo.gl/fbAQLP

exports[`RecursiveTextSplitter from swift 1`] = `"["func greet() {\\r\\n  print(\\"Hello, welcome to Swift programming!\\")\\r\\n}","class Vehicle {\\r\\n  var numberOfWheels: Int\\r\\n\\r\\n  init(numberOfWheels: Int) {\\r\\n    self.numberOfWheels = numberOfWheels\\r\\n  }\\r\\n\\r\\n  func describe() {","}\\r\\n\\r\\n  func describe() {\\r\\n    print(\\"This is a vehicle with \\\\(numberOfWheels) wheels.\\")\\r\\n  }\\r\\n}\\r\\n\\r\\ngreet()\\r\\n\\r\\nlet car = Vehicle(numberOfWheels: 4)\\r\\n\\r\\ncar.describe()"]"`;

exports[`RecursiveTextSplitter from swift 2`] = `"[{"loc":{"lines":{"from":1,"to":3}}},{"loc":{"lines":{"from":5,"to":12}}},{"loc":{"lines":{"from":10,"to":21}}}]"`;
