// Jest Snapshot v1, https://goo.gl/fbAQLP

exports[`RecursiveTextSplitter from java 1`] = `"["class Calculator {\\r\\n  public int add(int num1, int num2) {\\r\\n    return num1 + num2;\\r\\n  }\\r\\n\\r\\n  public int subtract(int num1, int num2) {\\r\\n    return num1 - num2;\\r\\n  }\\r\\n}","class CalculatorDemo {\\r\\n  public static void main(String[] args) {\\r\\n    Calculator calc = new Calculator();\\r\\n    \\r\\n    int sum = calc.add(5, 3);\\r\\n    System.out.println(\\"Sum: \\" + sum);","System.out.println(\\"Sum: \\" + sum);\\r\\n\\r\\n    int difference = calc.subtract(5, 3);\\r\\n    System.out.println(\\"Difference: \\" + difference);\\r\\n  }\\r\\n}"]"`;

exports[`RecursiveTextSplitter from java 2`] = `"[{"loc":{"lines":{"from":1,"to":9}}},{"loc":{"lines":{"from":11,"to":16}}},{"loc":{"lines":{"from":16,"to":21}}}]"`;
