// Jest Snapshot v1, https://goo.gl/fbAQLP

exports[`RecursiveTextSplitter from js 1`] = `
"- "function example() {\\r

  \\  const x = 10;\\r

  \\  if (x === 10) {\\r

  \\    return \\"x is exactly 10!\\";\\r

  \\  } else {\\r

  \\    return \\"x is not 10.\\";\\r

  \\  }\\r

  }"
- "class MyClass {\\r

  \\  constructor(name) {\\r

  \\    this.name = name;\\r

  \\  }\\r

  \\r

  \\  greet() {\\r

  \\    return \`Hello, my name is \${this.name}!\`;\\r

  \\  }\\r

  }"
- "let result = example();\\r

  console.log(result);\\r

  \\r

  let myObject = new MyClass(\\"Alice\\");\\r

  console.log(myObject.greet());"
"
`;

exports[`RecursiveTextSplitter from js 2`] = `
"- loc:
    lines:
      from: 1
      to: 8
- loc:
    lines:
      from: 10
      to: 18
- loc:
    lines:
      from: 20
      to: 24
"
`;
