// Jest Snapshot v1, https://goo.gl/fbAQLP

exports[`test PDF loader from blob 1`] = `
"_grp: 1
_type: constructor
_id:
  - events
  - input
  - load
  - docs
  - pdf
  - PDFLoader
_kwargs: {}
"
`;

exports[`test PDF loader from blob 2`] = `
"source: blob
bolbType: application/pdf
blobSize: 539761
pdf:
  version: 1.10.100
  info:
    PDFFormatVersion: "1.3"
    IsAcroFormPresent: false
    IsXFAPresent: false
    Title: Generative Adversarial Nets
    Author: Ian Goodfellow, Jean Pouget-Abadie, Mehdi Mirza, Bing Xu, David
      Warde-Farley, Sherjil Ozair, Aaron Courville, Yoshua Bengio
    Subject: Neural Information Processing Systems http://nips.cc/
    Producer: PyPDF2
    ModDate: D:20141202174320-08'00'
  metadata: null
  totalPages: 9
loc:
  pageNumber: 1
"
`;
